// Jest Snapshot v1, https://goo.gl/fbAQLP

exports[`this is used to test expense list with no data 1`] = `
<div>
  <div>
    no expense data
  </div>
</div>
`;

exports[`this is used to test list with expense data 1`] = `
<div>
  <ExpenseListItem
    amount={195}
    createdAt={0}
    description="Gum"
    id="1"
    note=""
  />
  <ExpenseListItem
    amount={109500}
    createdAt={-345600000}
    description="Rent"
    id="2"
    note=""
  />
  <ExpenseListItem
    amount={4500}
    createdAt={345600000}
    description="Credit Card"
    id="3"
    note=""
  />
</div>
`;
